<!doctype html public "-//w3c//dtd html 4.0 transitional//en">
<html><head>
<title>Static Call Graph - [.\Objects\Code-RD-BV-Projet-GI1-01_3I-IN1.axf]</title></head>
<body><HR>
<H1>Static Call Graph for image .\Objects\Code-RD-BV-Projet-GI1-01_3I-IN1.axf</H1><HR>
<BR><P>#&#060CALLGRAPH&#062# ARM Linker, 5060750: Last Updated: Mon Nov 15 18:52:14 2021
<BR><P>
<H3>Maximum Stack Usage =          0 bytes + Unknown(Functions without stacksize, Cycles, Untraceable Function Pointers)</H3><H3>
Call chain for Maximum Stack Depth:</H3>

<P>
<H3>
Functions with no stack information
</H3><UL>
 <LI><a href="#[1a]">__CONFIG_BUMPER</a>
 <LI><a href="#[27]">__READ_STATE_BUMPER_1</a>
 <LI><a href="#[28]">__READ_STATE_BUMPER_2</a>
 <LI><a href="#[1b]">__ENGINE_INIT</a>
 <LI><a href="#[29]">__ENGINE_RIGHT_ON</a>
 <LI><a href="#[2a]">__ENGINE_RIGHT_OFF</a>
 <LI><a href="#[2b]">__ENGINE_LEFT_ON</a>
 <LI><a href="#[2c]">__ENGINE_LEFT_OFF</a>
 <LI><a href="#[2d]">__ENGINE_LEFT_RIGHT_ON</a>
 <LI><a href="#[2e]">__ENGINE_LEFT_RIGHT_OFF</a>
 <LI><a href="#[2f]">__ENGINE_RIGHT_BACK</a>
 <LI><a href="#[30]">__ENGINE_RIGHT_FRONT</a>
 <LI><a href="#[31]">__ENGINE_LEFT_BACK</a>
 <LI><a href="#[32]">__ENGINE_LEFT_FRONT</a>
 <LI><a href="#[33]">__ENGINE_RIGHT_INVERSE</a>
 <LI><a href="#[34]">__ENGINE_LEFT_INVERSE</a>
 <LI><a href="#[35]">__ENGINE_LEFT_RIGHT_FRONT</a>
 <LI><a href="#[36]">__ENGINE_LEFT_RIGHT_BACK</a>
 <LI><a href="#[37]">__ENGINE_LEFT_FRONT_RIGHT_BACK</a>
 <LI><a href="#[38]">__ENGINE_LEFT_BACK_RIGHT_FRONT</a>
 <LI><a href="#[39]">__ENGINE_LEFT_RIGHT_INVERSE</a>
 <LI><a href="#[17]">__CONFIG_LED</a>
 <LI><a href="#[1e]">__SWITCH_ON_LED_1</a>
 <LI><a href="#[1f]">__SWITCH_ON_LED_2</a>
 <LI><a href="#[20]">__SWITCH_ON_LED_1_2</a>
 <LI><a href="#[21]">__SWITCH_OFF_LED_1</a>
 <LI><a href="#[22]">__SWITCH_OFF_LED_2</a>
 <LI><a href="#[23]">__SWITCH_OFF_LED_1_2</a>
 <LI><a href="#[24]">__BLINK_LED_1_2</a>
 <LI><a href="#[1d]">__CONFIG_0LED</a>
 <LI><a href="#[3c]">__DISPLAY_BYTE_DATA</a>
 <LI><a href="#[18]">__CONFIG_SW</a>
 <LI><a href="#[25]">__READ_STATE_SW_1</a>
 <LI><a href="#[26]">__READ_STATE_SW_2</a>
 <LI><a href="#[19]">__main</a>
 <LI><a href="#[1c]">__WAIT</a>
 <LI><a href="#[3a]">__WAIT_HALF_ROTATION</a>
 <LI><a href="#[3b]">__WAIT_A_TIME</a>
</UL>
</UL>
<P>
<H3>
Mutually Recursive functions
</H3> <LI><a href="#[3b]">__WAIT_A_TIME</a>&nbsp;&nbsp;&nbsp;&rArr;&nbsp;&nbsp;&nbsp;<a href="#[3b]">__WAIT_A_TIME</a><BR>
 <LI><a href="#[1]">NMI_Handler</a>&nbsp;&nbsp;&nbsp;&rArr;&nbsp;&nbsp;&nbsp;<a href="#[1]">NMI_Handler</a><BR>
 <LI><a href="#[2]">HardFault_Handler</a>&nbsp;&nbsp;&nbsp;&rArr;&nbsp;&nbsp;&nbsp;<a href="#[2]">HardFault_Handler</a><BR>
 <LI><a href="#[3]">MemManage_Handler</a>&nbsp;&nbsp;&nbsp;&rArr;&nbsp;&nbsp;&nbsp;<a href="#[3]">MemManage_Handler</a><BR>
 <LI><a href="#[4]">BusFault_Handler</a>&nbsp;&nbsp;&nbsp;&rArr;&nbsp;&nbsp;&nbsp;<a href="#[4]">BusFault_Handler</a><BR>
 <LI><a href="#[5]">UsageFault_Handler</a>&nbsp;&nbsp;&nbsp;&rArr;&nbsp;&nbsp;&nbsp;<a href="#[5]">UsageFault_Handler</a><BR>
 <LI><a href="#[6]">SVC_Handler</a>&nbsp;&nbsp;&nbsp;&rArr;&nbsp;&nbsp;&nbsp;<a href="#[6]">SVC_Handler</a><BR>
 <LI><a href="#[7]">DebugMon_Handler</a>&nbsp;&nbsp;&nbsp;&rArr;&nbsp;&nbsp;&nbsp;<a href="#[7]">DebugMon_Handler</a><BR>
 <LI><a href="#[8]">PendSV_Handler</a>&nbsp;&nbsp;&nbsp;&rArr;&nbsp;&nbsp;&nbsp;<a href="#[8]">PendSV_Handler</a><BR>
 <LI><a href="#[9]">SysTick_Handler</a>&nbsp;&nbsp;&nbsp;&rArr;&nbsp;&nbsp;&nbsp;<a href="#[9]">SysTick_Handler</a><BR>
 <LI><a href="#[a]">Interrupt0_Handler</a>&nbsp;&nbsp;&nbsp;&rArr;&nbsp;&nbsp;&nbsp;<a href="#[a]">Interrupt0_Handler</a><BR>
 <LI><a href="#[b]">Interrupt1_Handler</a>&nbsp;&nbsp;&nbsp;&rArr;&nbsp;&nbsp;&nbsp;<a href="#[b]">Interrupt1_Handler</a><BR>
 <LI><a href="#[c]">Interrupt2_Handler</a>&nbsp;&nbsp;&nbsp;&rArr;&nbsp;&nbsp;&nbsp;<a href="#[c]">Interrupt2_Handler</a><BR>
 <LI><a href="#[d]">Interrupt3_Handler</a>&nbsp;&nbsp;&nbsp;&rArr;&nbsp;&nbsp;&nbsp;<a href="#[d]">Interrupt3_Handler</a><BR>
 <LI><a href="#[e]">Interrupt4_Handler</a>&nbsp;&nbsp;&nbsp;&rArr;&nbsp;&nbsp;&nbsp;<a href="#[e]">Interrupt4_Handler</a><BR>
 <LI><a href="#[f]">Interrupt5_Handler</a>&nbsp;&nbsp;&nbsp;&rArr;&nbsp;&nbsp;&nbsp;<a href="#[f]">Interrupt5_Handler</a><BR>
 <LI><a href="#[10]">Interrupt6_Handler</a>&nbsp;&nbsp;&nbsp;&rArr;&nbsp;&nbsp;&nbsp;<a href="#[10]">Interrupt6_Handler</a><BR>
 <LI><a href="#[11]">Interrupt7_Handler</a>&nbsp;&nbsp;&nbsp;&rArr;&nbsp;&nbsp;&nbsp;<a href="#[11]">Interrupt7_Handler</a><BR>
 <LI><a href="#[12]">Interrupt8_Handler</a>&nbsp;&nbsp;&nbsp;&rArr;&nbsp;&nbsp;&nbsp;<a href="#[12]">Interrupt8_Handler</a><BR>
 <LI><a href="#[13]">Interrupt9_Handler</a>&nbsp;&nbsp;&nbsp;&rArr;&nbsp;&nbsp;&nbsp;<a href="#[13]">Interrupt9_Handler</a><BR>
</UL>
<P>
<H3>
Function Pointers
</H3><UL>
 <LI><a href="#[4]">BusFault_Handler</a> from startup_armcm3.o(.text) referenced from startup_armcm3.o(RESET)
 <LI><a href="#[7]">DebugMon_Handler</a> from startup_armcm3.o(.text) referenced from startup_armcm3.o(RESET)
 <LI><a href="#[2]">HardFault_Handler</a> from startup_armcm3.o(.text) referenced from startup_armcm3.o(RESET)
 <LI><a href="#[a]">Interrupt0_Handler</a> from startup_armcm3.o(.text) referenced from startup_armcm3.o(RESET)
 <LI><a href="#[b]">Interrupt1_Handler</a> from startup_armcm3.o(.text) referenced from startup_armcm3.o(RESET)
 <LI><a href="#[c]">Interrupt2_Handler</a> from startup_armcm3.o(.text) referenced from startup_armcm3.o(RESET)
 <LI><a href="#[d]">Interrupt3_Handler</a> from startup_armcm3.o(.text) referenced from startup_armcm3.o(RESET)
 <LI><a href="#[e]">Interrupt4_Handler</a> from startup_armcm3.o(.text) referenced from startup_armcm3.o(RESET)
 <LI><a href="#[f]">Interrupt5_Handler</a> from startup_armcm3.o(.text) referenced from startup_armcm3.o(RESET)
 <LI><a href="#[10]">Interrupt6_Handler</a> from startup_armcm3.o(.text) referenced from startup_armcm3.o(RESET)
 <LI><a href="#[11]">Interrupt7_Handler</a> from startup_armcm3.o(.text) referenced from startup_armcm3.o(RESET)
 <LI><a href="#[12]">Interrupt8_Handler</a> from startup_armcm3.o(.text) referenced from startup_armcm3.o(RESET)
 <LI><a href="#[13]">Interrupt9_Handler</a> from startup_armcm3.o(.text) referenced from startup_armcm3.o(RESET)
 <LI><a href="#[3]">MemManage_Handler</a> from startup_armcm3.o(.text) referenced from startup_armcm3.o(RESET)
 <LI><a href="#[1]">NMI_Handler</a> from startup_armcm3.o(.text) referenced from startup_armcm3.o(RESET)
 <LI><a href="#[8]">PendSV_Handler</a> from startup_armcm3.o(.text) referenced from startup_armcm3.o(RESET)
 <LI><a href="#[16]">Reset_Handler</a> from startup_armcm3.o(.text) referenced from startup_armcm3.o(RESET)
 <LI><a href="#[6]">SVC_Handler</a> from startup_armcm3.o(.text) referenced from startup_armcm3.o(RESET)
 <LI><a href="#[9]">SysTick_Handler</a> from startup_armcm3.o(.text) referenced from startup_armcm3.o(RESET)
 <LI><a href="#[14]">SystemInit</a> from system_armcm3.o(i.SystemInit) referenced from startup_armcm3.o(.text)
 <LI><a href="#[5]">UsageFault_Handler</a> from startup_armcm3.o(.text) referenced from startup_armcm3.o(RESET)
 <LI><a href="#[19]">__main</a> from rd_bv_main.o(_MAIN_PROGRAM_) referenced from startup_armcm3.o(.text)
</UL>
<P>
<H3>
Global Symbols
</H3>
<P><STRONG><a name="[16]"></a>Reset_Handler</STRONG> (Thumb, 8 bytes, Stack size 0 bytes, startup_armcm3.o(.text))

<P><STRONG><a name="[1]"></a>NMI_Handler</STRONG> (Thumb, 2 bytes, Stack size 0 bytes, startup_armcm3.o(.text))
<BR><BR>[Calls]<UL><LI><a href="#[1]">&gt;&gt;</a>&nbsp;&nbsp;&nbsp;NMI_Handler
</UL>
<BR>[Called By]<UL><LI><a href="#[1]">&gt;&gt;</a>&nbsp;&nbsp;&nbsp;NMI_Handler
</UL>
<BR>[Address Reference Count : 1]<UL><LI> startup_armcm3.o(RESET)
</UL>
<P><STRONG><a name="[2]"></a>HardFault_Handler</STRONG> (Thumb, 2 bytes, Stack size 0 bytes, startup_armcm3.o(.text))
<BR><BR>[Calls]<UL><LI><a href="#[2]">&gt;&gt;</a>&nbsp;&nbsp;&nbsp;HardFault_Handler
</UL>
<BR>[Called By]<UL><LI><a href="#[2]">&gt;&gt;</a>&nbsp;&nbsp;&nbsp;HardFault_Handler
</UL>
<BR>[Address Reference Count : 1]<UL><LI> startup_armcm3.o(RESET)
</UL>
<P><STRONG><a name="[3]"></a>MemManage_Handler</STRONG> (Thumb, 2 bytes, Stack size 0 bytes, startup_armcm3.o(.text))
<BR><BR>[Calls]<UL><LI><a href="#[3]">&gt;&gt;</a>&nbsp;&nbsp;&nbsp;MemManage_Handler
</UL>
<BR>[Called By]<UL><LI><a href="#[3]">&gt;&gt;</a>&nbsp;&nbsp;&nbsp;MemManage_Handler
</UL>
<BR>[Address Reference Count : 1]<UL><LI> startup_armcm3.o(RESET)
</UL>
<P><STRONG><a name="[4]"></a>BusFault_Handler</STRONG> (Thumb, 2 bytes, Stack size 0 bytes, startup_armcm3.o(.text))
<BR><BR>[Calls]<UL><LI><a href="#[4]">&gt;&gt;</a>&nbsp;&nbsp;&nbsp;BusFault_Handler
</UL>
<BR>[Called By]<UL><LI><a href="#[4]">&gt;&gt;</a>&nbsp;&nbsp;&nbsp;BusFault_Handler
</UL>
<BR>[Address Reference Count : 1]<UL><LI> startup_armcm3.o(RESET)
</UL>
<P><STRONG><a name="[5]"></a>UsageFault_Handler</STRONG> (Thumb, 2 bytes, Stack size 0 bytes, startup_armcm3.o(.text))
<BR><BR>[Calls]<UL><LI><a href="#[5]">&gt;&gt;</a>&nbsp;&nbsp;&nbsp;UsageFault_Handler
</UL>
<BR>[Called By]<UL><LI><a href="#[5]">&gt;&gt;</a>&nbsp;&nbsp;&nbsp;UsageFault_Handler
</UL>
<BR>[Address Reference Count : 1]<UL><LI> startup_armcm3.o(RESET)
</UL>
<P><STRONG><a name="[6]"></a>SVC_Handler</STRONG> (Thumb, 2 bytes, Stack size 0 bytes, startup_armcm3.o(.text))
<BR><BR>[Calls]<UL><LI><a href="#[6]">&gt;&gt;</a>&nbsp;&nbsp;&nbsp;SVC_Handler
</UL>
<BR>[Called By]<UL><LI><a href="#[6]">&gt;&gt;</a>&nbsp;&nbsp;&nbsp;SVC_Handler
</UL>
<BR>[Address Reference Count : 1]<UL><LI> startup_armcm3.o(RESET)
</UL>
<P><STRONG><a name="[7]"></a>DebugMon_Handler</STRONG> (Thumb, 2 bytes, Stack size 0 bytes, startup_armcm3.o(.text))
<BR><BR>[Calls]<UL><LI><a href="#[7]">&gt;&gt;</a>&nbsp;&nbsp;&nbsp;DebugMon_Handler
</UL>
<BR>[Called By]<UL><LI><a href="#[7]">&gt;&gt;</a>&nbsp;&nbsp;&nbsp;DebugMon_Handler
</UL>
<BR>[Address Reference Count : 1]<UL><LI> startup_armcm3.o(RESET)
</UL>
<P><STRONG><a name="[8]"></a>PendSV_Handler</STRONG> (Thumb, 2 bytes, Stack size 0 bytes, startup_armcm3.o(.text))
<BR><BR>[Calls]<UL><LI><a href="#[8]">&gt;&gt;</a>&nbsp;&nbsp;&nbsp;PendSV_Handler
</UL>
<BR>[Called By]<UL><LI><a href="#[8]">&gt;&gt;</a>&nbsp;&nbsp;&nbsp;PendSV_Handler
</UL>
<BR>[Address Reference Count : 1]<UL><LI> startup_armcm3.o(RESET)
</UL>
<P><STRONG><a name="[9]"></a>SysTick_Handler</STRONG> (Thumb, 2 bytes, Stack size 0 bytes, startup_armcm3.o(.text))
<BR><BR>[Calls]<UL><LI><a href="#[9]">&gt;&gt;</a>&nbsp;&nbsp;&nbsp;SysTick_Handler
</UL>
<BR>[Called By]<UL><LI><a href="#[9]">&gt;&gt;</a>&nbsp;&nbsp;&nbsp;SysTick_Handler
</UL>
<BR>[Address Reference Count : 1]<UL><LI> startup_armcm3.o(RESET)
</UL>
<P><STRONG><a name="[a]"></a>Interrupt0_Handler</STRONG> (Thumb, 2 bytes, Stack size 0 bytes, startup_armcm3.o(.text))
<BR><BR>[Calls]<UL><LI><a href="#[a]">&gt;&gt;</a>&nbsp;&nbsp;&nbsp;Interrupt0_Handler
</UL>
<BR>[Called By]<UL><LI><a href="#[a]">&gt;&gt;</a>&nbsp;&nbsp;&nbsp;Interrupt0_Handler
</UL>
<BR>[Address Reference Count : 1]<UL><LI> startup_armcm3.o(RESET)
</UL>
<P><STRONG><a name="[b]"></a>Interrupt1_Handler</STRONG> (Thumb, 2 bytes, Stack size 0 bytes, startup_armcm3.o(.text))
<BR><BR>[Calls]<UL><LI><a href="#[b]">&gt;&gt;</a>&nbsp;&nbsp;&nbsp;Interrupt1_Handler
</UL>
<BR>[Called By]<UL><LI><a href="#[b]">&gt;&gt;</a>&nbsp;&nbsp;&nbsp;Interrupt1_Handler
</UL>
<BR>[Address Reference Count : 1]<UL><LI> startup_armcm3.o(RESET)
</UL>
<P><STRONG><a name="[c]"></a>Interrupt2_Handler</STRONG> (Thumb, 2 bytes, Stack size 0 bytes, startup_armcm3.o(.text))
<BR><BR>[Calls]<UL><LI><a href="#[c]">&gt;&gt;</a>&nbsp;&nbsp;&nbsp;Interrupt2_Handler
</UL>
<BR>[Called By]<UL><LI><a href="#[c]">&gt;&gt;</a>&nbsp;&nbsp;&nbsp;Interrupt2_Handler
</UL>
<BR>[Address Reference Count : 1]<UL><LI> startup_armcm3.o(RESET)
</UL>
<P><STRONG><a name="[d]"></a>Interrupt3_Handler</STRONG> (Thumb, 2 bytes, Stack size 0 bytes, startup_armcm3.o(.text))
<BR><BR>[Calls]<UL><LI><a href="#[d]">&gt;&gt;</a>&nbsp;&nbsp;&nbsp;Interrupt3_Handler
</UL>
<BR>[Called By]<UL><LI><a href="#[d]">&gt;&gt;</a>&nbsp;&nbsp;&nbsp;Interrupt3_Handler
</UL>
<BR>[Address Reference Count : 1]<UL><LI> startup_armcm3.o(RESET)
</UL>
<P><STRONG><a name="[e]"></a>Interrupt4_Handler</STRONG> (Thumb, 2 bytes, Stack size 0 bytes, startup_armcm3.o(.text))
<BR><BR>[Calls]<UL><LI><a href="#[e]">&gt;&gt;</a>&nbsp;&nbsp;&nbsp;Interrupt4_Handler
</UL>
<BR>[Called By]<UL><LI><a href="#[e]">&gt;&gt;</a>&nbsp;&nbsp;&nbsp;Interrupt4_Handler
</UL>
<BR>[Address Reference Count : 1]<UL><LI> startup_armcm3.o(RESET)
</UL>
<P><STRONG><a name="[f]"></a>Interrupt5_Handler</STRONG> (Thumb, 2 bytes, Stack size 0 bytes, startup_armcm3.o(.text))
<BR><BR>[Calls]<UL><LI><a href="#[f]">&gt;&gt;</a>&nbsp;&nbsp;&nbsp;Interrupt5_Handler
</UL>
<BR>[Called By]<UL><LI><a href="#[f]">&gt;&gt;</a>&nbsp;&nbsp;&nbsp;Interrupt5_Handler
</UL>
<BR>[Address Reference Count : 1]<UL><LI> startup_armcm3.o(RESET)
</UL>
<P><STRONG><a name="[10]"></a>Interrupt6_Handler</STRONG> (Thumb, 2 bytes, Stack size 0 bytes, startup_armcm3.o(.text))
<BR><BR>[Calls]<UL><LI><a href="#[10]">&gt;&gt;</a>&nbsp;&nbsp;&nbsp;Interrupt6_Handler
</UL>
<BR>[Called By]<UL><LI><a href="#[10]">&gt;&gt;</a>&nbsp;&nbsp;&nbsp;Interrupt6_Handler
</UL>
<BR>[Address Reference Count : 1]<UL><LI> startup_armcm3.o(RESET)
</UL>
<P><STRONG><a name="[11]"></a>Interrupt7_Handler</STRONG> (Thumb, 2 bytes, Stack size 0 bytes, startup_armcm3.o(.text))
<BR><BR>[Calls]<UL><LI><a href="#[11]">&gt;&gt;</a>&nbsp;&nbsp;&nbsp;Interrupt7_Handler
</UL>
<BR>[Called By]<UL><LI><a href="#[11]">&gt;&gt;</a>&nbsp;&nbsp;&nbsp;Interrupt7_Handler
</UL>
<BR>[Address Reference Count : 1]<UL><LI> startup_armcm3.o(RESET)
</UL>
<P><STRONG><a name="[12]"></a>Interrupt8_Handler</STRONG> (Thumb, 2 bytes, Stack size 0 bytes, startup_armcm3.o(.text))
<BR><BR>[Calls]<UL><LI><a href="#[12]">&gt;&gt;</a>&nbsp;&nbsp;&nbsp;Interrupt8_Handler
</UL>
<BR>[Called By]<UL><LI><a href="#[12]">&gt;&gt;</a>&nbsp;&nbsp;&nbsp;Interrupt8_Handler
</UL>
<BR>[Address Reference Count : 1]<UL><LI> startup_armcm3.o(RESET)
</UL>
<P><STRONG><a name="[13]"></a>Interrupt9_Handler</STRONG> (Thumb, 2 bytes, Stack size 0 bytes, startup_armcm3.o(.text))
<BR><BR>[Calls]<UL><LI><a href="#[13]">&gt;&gt;</a>&nbsp;&nbsp;&nbsp;Interrupt9_Handler
</UL>
<BR>[Called By]<UL><LI><a href="#[13]">&gt;&gt;</a>&nbsp;&nbsp;&nbsp;Interrupt9_Handler
</UL>
<BR>[Address Reference Count : 1]<UL><LI> startup_armcm3.o(RESET)
</UL>
<P><STRONG><a name="[3d]"></a>__use_two_region_memory</STRONG> (Thumb, 2 bytes, Stack size 0 bytes, heapauxi.o(.text), UNUSED)

<P><STRONG><a name="[3e]"></a>__rt_heap_escrow$2region</STRONG> (Thumb, 2 bytes, Stack size 0 bytes, heapauxi.o(.text), UNUSED)

<P><STRONG><a name="[3f]"></a>__rt_heap_expand$2region</STRONG> (Thumb, 2 bytes, Stack size 0 bytes, heapauxi.o(.text), UNUSED)

<P><STRONG><a name="[1a]"></a>__CONFIG_BUMPER</STRONG> (Thumb, 0 bytes, Stack size unknown bytes, rd_bv_config_bumper.o(_CONFIG_BUMPER_))
<BR><BR>[Called By]<UL><LI><a href="#[19]">&gt;&gt;</a>&nbsp;&nbsp;&nbsp;__main
</UL>

<P><STRONG><a name="[27]"></a>__READ_STATE_BUMPER_1</STRONG> (Thumb, 0 bytes, Stack size unknown bytes, rd_bv_config_bumper.o(_CONFIG_BUMPER_))
<BR><BR>[Called By]<UL><LI><a href="#[19]">&gt;&gt;</a>&nbsp;&nbsp;&nbsp;__main
</UL>

<P><STRONG><a name="[28]"></a>__READ_STATE_BUMPER_2</STRONG> (Thumb, 0 bytes, Stack size unknown bytes, rd_bv_config_bumper.o(_CONFIG_BUMPER_))
<BR><BR>[Called By]<UL><LI><a href="#[19]">&gt;&gt;</a>&nbsp;&nbsp;&nbsp;__main
</UL>

<P><STRONG><a name="[1b]"></a>__ENGINE_INIT</STRONG> (Thumb, 0 bytes, Stack size unknown bytes, rd_bv_config_moteur.o(_CONFIG_ENGINE_))
<BR><BR>[Called By]<UL><LI><a href="#[19]">&gt;&gt;</a>&nbsp;&nbsp;&nbsp;__main
</UL>

<P><STRONG><a name="[29]"></a>__ENGINE_RIGHT_ON</STRONG> (Thumb, 0 bytes, Stack size unknown bytes, rd_bv_config_moteur.o(_CONFIG_ENGINE_))
<BR><BR>[Called By]<UL><LI><a href="#[2d]">&gt;&gt;</a>&nbsp;&nbsp;&nbsp;__ENGINE_LEFT_RIGHT_ON
</UL>

<P><STRONG><a name="[2a]"></a>__ENGINE_RIGHT_OFF</STRONG> (Thumb, 0 bytes, Stack size unknown bytes, rd_bv_config_moteur.o(_CONFIG_ENGINE_))
<BR><BR>[Called By]<UL><LI><a href="#[2e]">&gt;&gt;</a>&nbsp;&nbsp;&nbsp;__ENGINE_LEFT_RIGHT_OFF
</UL>

<P><STRONG><a name="[2b]"></a>__ENGINE_LEFT_ON</STRONG> (Thumb, 0 bytes, Stack size unknown bytes, rd_bv_config_moteur.o(_CONFIG_ENGINE_))
<BR><BR>[Called By]<UL><LI><a href="#[2d]">&gt;&gt;</a>&nbsp;&nbsp;&nbsp;__ENGINE_LEFT_RIGHT_ON
</UL>

<P><STRONG><a name="[2c]"></a>__ENGINE_LEFT_OFF</STRONG> (Thumb, 0 bytes, Stack size unknown bytes, rd_bv_config_moteur.o(_CONFIG_ENGINE_))
<BR><BR>[Called By]<UL><LI><a href="#[2e]">&gt;&gt;</a>&nbsp;&nbsp;&nbsp;__ENGINE_LEFT_RIGHT_OFF
</UL>

<P><STRONG><a name="[2d]"></a>__ENGINE_LEFT_RIGHT_ON</STRONG> (Thumb, 0 bytes, Stack size unknown bytes, rd_bv_config_moteur.o(_CONFIG_ENGINE_))
<BR><BR>[Calls]<UL><LI><a href="#[29]">&gt;&gt;</a>&nbsp;&nbsp;&nbsp;__ENGINE_RIGHT_ON
<LI><a href="#[2b]">&gt;&gt;</a>&nbsp;&nbsp;&nbsp;__ENGINE_LEFT_ON
</UL>
<BR>[Called By]<UL><LI><a href="#[19]">&gt;&gt;</a>&nbsp;&nbsp;&nbsp;__main
</UL>

<P><STRONG><a name="[2e]"></a>__ENGINE_LEFT_RIGHT_OFF</STRONG> (Thumb, 0 bytes, Stack size unknown bytes, rd_bv_config_moteur.o(_CONFIG_ENGINE_))
<BR><BR>[Calls]<UL><LI><a href="#[2a]">&gt;&gt;</a>&nbsp;&nbsp;&nbsp;__ENGINE_RIGHT_OFF
<LI><a href="#[2c]">&gt;&gt;</a>&nbsp;&nbsp;&nbsp;__ENGINE_LEFT_OFF
</UL>
<BR>[Called By]<UL><LI><a href="#[19]">&gt;&gt;</a>&nbsp;&nbsp;&nbsp;__main
</UL>

<P><STRONG><a name="[2f]"></a>__ENGINE_RIGHT_BACK</STRONG> (Thumb, 0 bytes, Stack size unknown bytes, rd_bv_config_moteur.o(_CONFIG_ENGINE_))
<BR><BR>[Called By]<UL><LI><a href="#[36]">&gt;&gt;</a>&nbsp;&nbsp;&nbsp;__ENGINE_LEFT_RIGHT_BACK
<LI><a href="#[37]">&gt;&gt;</a>&nbsp;&nbsp;&nbsp;__ENGINE_LEFT_FRONT_RIGHT_BACK
</UL>

<P><STRONG><a name="[30]"></a>__ENGINE_RIGHT_FRONT</STRONG> (Thumb, 0 bytes, Stack size unknown bytes, rd_bv_config_moteur.o(_CONFIG_ENGINE_))
<BR><BR>[Called By]<UL><LI><a href="#[35]">&gt;&gt;</a>&nbsp;&nbsp;&nbsp;__ENGINE_LEFT_RIGHT_FRONT
<LI><a href="#[38]">&gt;&gt;</a>&nbsp;&nbsp;&nbsp;__ENGINE_LEFT_BACK_RIGHT_FRONT
</UL>

<P><STRONG><a name="[31]"></a>__ENGINE_LEFT_BACK</STRONG> (Thumb, 0 bytes, Stack size unknown bytes, rd_bv_config_moteur.o(_CONFIG_ENGINE_))
<BR><BR>[Called By]<UL><LI><a href="#[36]">&gt;&gt;</a>&nbsp;&nbsp;&nbsp;__ENGINE_LEFT_RIGHT_BACK
<LI><a href="#[38]">&gt;&gt;</a>&nbsp;&nbsp;&nbsp;__ENGINE_LEFT_BACK_RIGHT_FRONT
</UL>

<P><STRONG><a name="[32]"></a>__ENGINE_LEFT_FRONT</STRONG> (Thumb, 0 bytes, Stack size unknown bytes, rd_bv_config_moteur.o(_CONFIG_ENGINE_))
<BR><BR>[Called By]<UL><LI><a href="#[35]">&gt;&gt;</a>&nbsp;&nbsp;&nbsp;__ENGINE_LEFT_RIGHT_FRONT
<LI><a href="#[37]">&gt;&gt;</a>&nbsp;&nbsp;&nbsp;__ENGINE_LEFT_FRONT_RIGHT_BACK
</UL>

<P><STRONG><a name="[33]"></a>__ENGINE_RIGHT_INVERSE</STRONG> (Thumb, 0 bytes, Stack size unknown bytes, rd_bv_config_moteur.o(_CONFIG_ENGINE_), UNUSED, KEPT)
<BR><BR>[Called By]<UL><LI><a href="#[39]">&gt;&gt;</a>&nbsp;&nbsp;&nbsp;__ENGINE_LEFT_RIGHT_INVERSE
</UL>

<P><STRONG><a name="[34]"></a>__ENGINE_LEFT_INVERSE</STRONG> (Thumb, 0 bytes, Stack size unknown bytes, rd_bv_config_moteur.o(_CONFIG_ENGINE_), UNUSED, KEPT)
<BR><BR>[Called By]<UL><LI><a href="#[39]">&gt;&gt;</a>&nbsp;&nbsp;&nbsp;__ENGINE_LEFT_RIGHT_INVERSE
</UL>

<P><STRONG><a name="[35]"></a>__ENGINE_LEFT_RIGHT_FRONT</STRONG> (Thumb, 0 bytes, Stack size unknown bytes, rd_bv_config_moteur.o(_CONFIG_ENGINE_))
<BR><BR>[Calls]<UL><LI><a href="#[30]">&gt;&gt;</a>&nbsp;&nbsp;&nbsp;__ENGINE_RIGHT_FRONT
<LI><a href="#[32]">&gt;&gt;</a>&nbsp;&nbsp;&nbsp;__ENGINE_LEFT_FRONT
</UL>
<BR>[Called By]<UL><LI><a href="#[19]">&gt;&gt;</a>&nbsp;&nbsp;&nbsp;__main
</UL>

<P><STRONG><a name="[36]"></a>__ENGINE_LEFT_RIGHT_BACK</STRONG> (Thumb, 0 bytes, Stack size unknown bytes, rd_bv_config_moteur.o(_CONFIG_ENGINE_))
<BR><BR>[Calls]<UL><LI><a href="#[2f]">&gt;&gt;</a>&nbsp;&nbsp;&nbsp;__ENGINE_RIGHT_BACK
<LI><a href="#[31]">&gt;&gt;</a>&nbsp;&nbsp;&nbsp;__ENGINE_LEFT_BACK
</UL>
<BR>[Called By]<UL><LI><a href="#[19]">&gt;&gt;</a>&nbsp;&nbsp;&nbsp;__main
</UL>

<P><STRONG><a name="[37]"></a>__ENGINE_LEFT_FRONT_RIGHT_BACK</STRONG> (Thumb, 0 bytes, Stack size unknown bytes, rd_bv_config_moteur.o(_CONFIG_ENGINE_))
<BR><BR>[Calls]<UL><LI><a href="#[2f]">&gt;&gt;</a>&nbsp;&nbsp;&nbsp;__ENGINE_RIGHT_BACK
<LI><a href="#[32]">&gt;&gt;</a>&nbsp;&nbsp;&nbsp;__ENGINE_LEFT_FRONT
</UL>
<BR>[Called By]<UL><LI><a href="#[19]">&gt;&gt;</a>&nbsp;&nbsp;&nbsp;__main
</UL>

<P><STRONG><a name="[38]"></a>__ENGINE_LEFT_BACK_RIGHT_FRONT</STRONG> (Thumb, 0 bytes, Stack size unknown bytes, rd_bv_config_moteur.o(_CONFIG_ENGINE_))
<BR><BR>[Calls]<UL><LI><a href="#[30]">&gt;&gt;</a>&nbsp;&nbsp;&nbsp;__ENGINE_RIGHT_FRONT
<LI><a href="#[31]">&gt;&gt;</a>&nbsp;&nbsp;&nbsp;__ENGINE_LEFT_BACK
</UL>
<BR>[Called By]<UL><LI><a href="#[19]">&gt;&gt;</a>&nbsp;&nbsp;&nbsp;__main
</UL>

<P><STRONG><a name="[39]"></a>__ENGINE_LEFT_RIGHT_INVERSE</STRONG> (Thumb, 0 bytes, Stack size unknown bytes, rd_bv_config_moteur.o(_CONFIG_ENGINE_), UNUSED, KEPT)
<BR><BR>[Calls]<UL><LI><a href="#[33]">&gt;&gt;</a>&nbsp;&nbsp;&nbsp;__ENGINE_RIGHT_INVERSE
<LI><a href="#[34]">&gt;&gt;</a>&nbsp;&nbsp;&nbsp;__ENGINE_LEFT_INVERSE
</UL>

<P><STRONG><a name="[17]"></a>__CONFIG_LED</STRONG> (Thumb, 0 bytes, Stack size unknown bytes, rd_bv_config_led.o(_CONFIG_LED_))
<BR><BR>[Called By]<UL><LI><a href="#[19]">&gt;&gt;</a>&nbsp;&nbsp;&nbsp;__main
</UL>

<P><STRONG><a name="[1e]"></a>__SWITCH_ON_LED_1</STRONG> (Thumb, 0 bytes, Stack size unknown bytes, rd_bv_config_led.o(_CONFIG_LED_))
<BR><BR>[Called By]<UL><LI><a href="#[19]">&gt;&gt;</a>&nbsp;&nbsp;&nbsp;__main
</UL>

<P><STRONG><a name="[1f]"></a>__SWITCH_ON_LED_2</STRONG> (Thumb, 0 bytes, Stack size unknown bytes, rd_bv_config_led.o(_CONFIG_LED_))
<BR><BR>[Called By]<UL><LI><a href="#[19]">&gt;&gt;</a>&nbsp;&nbsp;&nbsp;__main
</UL>

<P><STRONG><a name="[20]"></a>__SWITCH_ON_LED_1_2</STRONG> (Thumb, 0 bytes, Stack size unknown bytes, rd_bv_config_led.o(_CONFIG_LED_), UNUSED, KEPT)
<BR><BR>[Called By]<UL><LI><a href="#[24]">&gt;&gt;</a>&nbsp;&nbsp;&nbsp;__BLINK_LED_1_2
</UL>

<P><STRONG><a name="[21]"></a>__SWITCH_OFF_LED_1</STRONG> (Thumb, 0 bytes, Stack size unknown bytes, rd_bv_config_led.o(_CONFIG_LED_), UNUSED, KEPT)

<P><STRONG><a name="[22]"></a>__SWITCH_OFF_LED_2</STRONG> (Thumb, 0 bytes, Stack size unknown bytes, rd_bv_config_led.o(_CONFIG_LED_), UNUSED, KEPT)

<P><STRONG><a name="[23]"></a>__SWITCH_OFF_LED_1_2</STRONG> (Thumb, 0 bytes, Stack size unknown bytes, rd_bv_config_led.o(_CONFIG_LED_))
<BR><BR>[Called By]<UL><LI><a href="#[19]">&gt;&gt;</a>&nbsp;&nbsp;&nbsp;__main
<LI><a href="#[24]">&gt;&gt;</a>&nbsp;&nbsp;&nbsp;__BLINK_LED_1_2
</UL>

<P><STRONG><a name="[24]"></a>__BLINK_LED_1_2</STRONG> (Thumb, 0 bytes, Stack size unknown bytes, rd_bv_config_led.o(_CONFIG_LED_), UNUSED, KEPT)
<BR><BR>[Calls]<UL><LI><a href="#[1c]">&gt;&gt;</a>&nbsp;&nbsp;&nbsp;__WAIT
<LI><a href="#[23]">&gt;&gt;</a>&nbsp;&nbsp;&nbsp;__SWITCH_OFF_LED_1_2
<LI><a href="#[20]">&gt;&gt;</a>&nbsp;&nbsp;&nbsp;__SWITCH_ON_LED_1_2
</UL>

<P><STRONG><a name="[1d]"></a>__CONFIG_0LED</STRONG> (Thumb, 0 bytes, Stack size unknown bytes, rd_bv_config_oled.o(_CONFIG_OLED_))

<P><STRONG><a name="[3c]"></a>__DISPLAY_BYTE_DATA</STRONG> (Thumb, 0 bytes, Stack size unknown bytes, rd_bv_config_oled.o(_CONFIG_OLED_), UNUSED, KEPT)

<P><STRONG><a name="[18]"></a>__CONFIG_SW</STRONG> (Thumb, 0 bytes, Stack size unknown bytes, rd_bv_config_switch.o(_CONFIG_SWITCH_))
<BR><BR>[Called By]<UL><LI><a href="#[19]">&gt;&gt;</a>&nbsp;&nbsp;&nbsp;__main
</UL>

<P><STRONG><a name="[25]"></a>__READ_STATE_SW_1</STRONG> (Thumb, 0 bytes, Stack size unknown bytes, rd_bv_config_switch.o(_CONFIG_SWITCH_))
<BR><BR>[Called By]<UL><LI><a href="#[19]">&gt;&gt;</a>&nbsp;&nbsp;&nbsp;__main
</UL>

<P><STRONG><a name="[26]"></a>__READ_STATE_SW_2</STRONG> (Thumb, 0 bytes, Stack size unknown bytes, rd_bv_config_switch.o(_CONFIG_SWITCH_))
<BR><BR>[Called By]<UL><LI><a href="#[19]">&gt;&gt;</a>&nbsp;&nbsp;&nbsp;__main
</UL>

<P><STRONG><a name="[19]"></a>__main</STRONG> (Thumb, 0 bytes, Stack size unknown bytes, rd_bv_main.o(_MAIN_PROGRAM_))
<BR><BR>[Calls]<UL><LI><a href="#[3a]">&gt;&gt;</a>&nbsp;&nbsp;&nbsp;__WAIT_HALF_ROTATION
<LI><a href="#[3b]">&gt;&gt;</a>&nbsp;&nbsp;&nbsp;__WAIT_A_TIME
<LI><a href="#[28]">&gt;&gt;</a>&nbsp;&nbsp;&nbsp;__READ_STATE_BUMPER_2
<LI><a href="#[27]">&gt;&gt;</a>&nbsp;&nbsp;&nbsp;__READ_STATE_BUMPER_1
<LI><a href="#[2d]">&gt;&gt;</a>&nbsp;&nbsp;&nbsp;__ENGINE_LEFT_RIGHT_ON
<LI><a href="#[2e]">&gt;&gt;</a>&nbsp;&nbsp;&nbsp;__ENGINE_LEFT_RIGHT_OFF
<LI><a href="#[35]">&gt;&gt;</a>&nbsp;&nbsp;&nbsp;__ENGINE_LEFT_RIGHT_FRONT
<LI><a href="#[36]">&gt;&gt;</a>&nbsp;&nbsp;&nbsp;__ENGINE_LEFT_RIGHT_BACK
<LI><a href="#[37]">&gt;&gt;</a>&nbsp;&nbsp;&nbsp;__ENGINE_LEFT_FRONT_RIGHT_BACK
<LI><a href="#[38]">&gt;&gt;</a>&nbsp;&nbsp;&nbsp;__ENGINE_LEFT_BACK_RIGHT_FRONT
<LI><a href="#[1b]">&gt;&gt;</a>&nbsp;&nbsp;&nbsp;__ENGINE_INIT
<LI><a href="#[1a]">&gt;&gt;</a>&nbsp;&nbsp;&nbsp;__CONFIG_BUMPER
<LI><a href="#[26]">&gt;&gt;</a>&nbsp;&nbsp;&nbsp;__READ_STATE_SW_2
<LI><a href="#[25]">&gt;&gt;</a>&nbsp;&nbsp;&nbsp;__READ_STATE_SW_1
<LI><a href="#[18]">&gt;&gt;</a>&nbsp;&nbsp;&nbsp;__CONFIG_SW
<LI><a href="#[1c]">&gt;&gt;</a>&nbsp;&nbsp;&nbsp;__WAIT
<LI><a href="#[23]">&gt;&gt;</a>&nbsp;&nbsp;&nbsp;__SWITCH_OFF_LED_1_2
<LI><a href="#[1f]">&gt;&gt;</a>&nbsp;&nbsp;&nbsp;__SWITCH_ON_LED_2
<LI><a href="#[1e]">&gt;&gt;</a>&nbsp;&nbsp;&nbsp;__SWITCH_ON_LED_1
<LI><a href="#[17]">&gt;&gt;</a>&nbsp;&nbsp;&nbsp;__CONFIG_LED
</UL>

<P><STRONG><a name="[1c]"></a>__WAIT</STRONG> (Thumb, 0 bytes, Stack size unknown bytes, rd_bv_wait.o(_WAIT_))
<BR><BR>[Calls]<UL><LI><a href="#[3b]">&gt;&gt;</a>&nbsp;&nbsp;&nbsp;__WAIT_A_TIME
</UL>
<BR>[Called By]<UL><LI><a href="#[19]">&gt;&gt;</a>&nbsp;&nbsp;&nbsp;__main
<LI><a href="#[24]">&gt;&gt;</a>&nbsp;&nbsp;&nbsp;__BLINK_LED_1_2
</UL>

<P><STRONG><a name="[3a]"></a>__WAIT_HALF_ROTATION</STRONG> (Thumb, 0 bytes, Stack size unknown bytes, rd_bv_wait.o(_WAIT_))
<BR><BR>[Calls]<UL><LI><a href="#[3b]">&gt;&gt;</a>&nbsp;&nbsp;&nbsp;__WAIT_A_TIME
</UL>
<BR>[Called By]<UL><LI><a href="#[19]">&gt;&gt;</a>&nbsp;&nbsp;&nbsp;__main
</UL>

<P><STRONG><a name="[3b]"></a>__WAIT_A_TIME</STRONG> (Thumb, 0 bytes, Stack size unknown bytes, rd_bv_wait.o(_WAIT_))
<BR><BR>[Calls]<UL><LI><a href="#[3b]">&gt;&gt;</a>&nbsp;&nbsp;&nbsp;__WAIT_A_TIME
</UL>
<BR>[Called By]<UL><LI><a href="#[3a]">&gt;&gt;</a>&nbsp;&nbsp;&nbsp;__WAIT_HALF_ROTATION
<LI><a href="#[3b]">&gt;&gt;</a>&nbsp;&nbsp;&nbsp;__WAIT_A_TIME
<LI><a href="#[19]">&gt;&gt;</a>&nbsp;&nbsp;&nbsp;__main
<LI><a href="#[1c]">&gt;&gt;</a>&nbsp;&nbsp;&nbsp;__WAIT
</UL>

<P><STRONG><a name="[14]"></a>SystemInit</STRONG> (Thumb, 14 bytes, Stack size 0 bytes, system_armcm3.o(i.SystemInit))
<BR>[Address Reference Count : 1]<UL><LI> startup_armcm3.o(.text)
</UL><P>
<H3>
Local Symbols
</H3><P>
<H3>
Undefined Global Symbols
</H3><HR></body></html>
