Component: ARM Compiler 5.06 update 6 (build 750) Tool: armlink [4d35ed]

==============================================================================

Section Cross References

    rd_bv_config_led.o(_CONFIG_LED_) refers to rd_bv_wait.o(_WAIT_) for __WAIT
    rd_bv_main.o(_MAIN_PROGRAM_) refers (Special) to rd_bv_config_moteur.o(_CONFIG_ENGINE_) for __ENGINE_LEFT_BACK
    rd_bv_main.o(_MAIN_PROGRAM_) refers to rd_bv_config_bumper.o(_CONFIG_BUMPER_) for __CONFIG_BUMPER
    rd_bv_main.o(_MAIN_PROGRAM_) refers to rd_bv_config_switch.o(_CONFIG_SWITCH_) for __READ_STATE_SW_1
    rd_bv_main.o(_MAIN_PROGRAM_) refers to rd_bv_wait.o(_WAIT_) for __WAIT_HALF_ROTATION
    startup_armcm3.o(STACK) refers (Special) to heapauxi.o(.text) for __use_two_region_memory
    startup_armcm3.o(HEAP) refers (Special) to heapauxi.o(.text) for __use_two_region_memory
    startup_armcm3.o(RESET) refers (Special) to heapauxi.o(.text) for __use_two_region_memory
    startup_armcm3.o(RESET) refers to startup_armcm3.o(STACK) for __initial_sp
    startup_armcm3.o(RESET) refers to startup_armcm3.o(.text) for Reset_Handler
    startup_armcm3.o(.text) refers (Special) to heapauxi.o(.text) for __use_two_region_memory
    startup_armcm3.o(.text) refers to system_armcm3.o(i.SystemInit) for SystemInit
    startup_armcm3.o(.text) refers to rd_bv_main.o(_MAIN_PROGRAM_) for __main
    system_armcm3.o(i.SystemCoreClockUpdate) refers to system_armcm3.o(.data) for SystemCoreClock
    system_armcm3.o(i.SystemInit) refers to startup_armcm3.o(RESET) for __Vectors
    system_armcm3.o(i.SystemInit) refers to system_armcm3.o(.data) for SystemCoreClock


==============================================================================

Removing Unused input sections from the image.

    Removing startup_armcm3.o(HEAP), (3072 bytes).
    Removing system_armcm3.o(.rev16_text), (4 bytes).
    Removing system_armcm3.o(.revsh_text), (4 bytes).
    Removing system_armcm3.o(.rrx_text), (6 bytes).
    Removing system_armcm3.o(i.SystemCoreClockUpdate), (16 bytes).

5 unused section(s) (total 3102 bytes) removed from the image.

==============================================================================

Image Symbol Table

    Local Symbols

    Symbol Name                              Value     Ov Type        Size  Object(Section)

    RESET                                    0x00000000   Section      960  startup_armcm3.o(RESET)
    ../clib/heapaux.c                        0x00000000   Number         0  heapauxi.o ABSOLUTE
    RD_BV_CONFIG_BUMPER.s                    0x00000000   Number         0  rd_bv_config_bumper.o ABSOLUTE
    RD_BV_CONFIG_LED.s                       0x00000000   Number         0  rd_bv_config_led.o ABSOLUTE
    RD_BV_CONFIG_MOTEUR.s                    0x00000000   Number         0  rd_bv_config_moteur.o ABSOLUTE
    RD_BV_CONFIG_SWITCH.s                    0x00000000   Number         0  rd_bv_config_switch.o ABSOLUTE
    RD_BV_MAIN.s                             0x00000000   Number         0  rd_bv_main.o ABSOLUTE
    RD_BV_WAIT.S                             0x00000000   Number         0  rd_bv_wait.o ABSOLUTE
    RTE\Device\ARMCM3\startup_ARMCM3.s       0x00000000   Number         0  startup_armcm3.o ABSOLUTE
    RTE\Device\ARMCM3\system_ARMCM3.c        0x00000000   Number         0  system_armcm3.o ABSOLUTE
    RTE\\Device\\ARMCM3\\system_ARMCM3.c     0x00000000   Number         0  system_armcm3.o ABSOLUTE
    dc.s                                     0x00000000   Number         0  dc.o ABSOLUTE
    .text                                    0x000003c0   Section       56  startup_armcm3.o(.text)
    .text                                    0x000003f8   Section        0  heapauxi.o(.text)
    _CONFIG_BUMPER_                          0x00000400   Section       80  rd_bv_config_bumper.o(_CONFIG_BUMPER_)
    _CONFIG_ENGINE_                          0x00000450   Section      568  rd_bv_config_moteur.o(_CONFIG_ENGINE_)
    _CONFIG_LED_                             0x00000688   Section      176  rd_bv_config_led.o(_CONFIG_LED_)
    _CONFIG_SWITCH_                          0x00000738   Section       84  rd_bv_config_switch.o(_CONFIG_SWITCH_)
    _MAIN_PROGRAM_                           0x0000078c   Section      216  rd_bv_main.o(_MAIN_PROGRAM_)
    _WAIT_                                   0x00000864   Section       36  rd_bv_wait.o(_WAIT_)
    i.SystemInit                             0x00000888   Section        0  system_armcm3.o(i.SystemInit)
    .data                                    0x20000000   Section        4  system_armcm3.o(.data)
    STACK                                    0x20000008   Section     1024  startup_armcm3.o(STACK)

    Global Symbols

    Symbol Name                              Value     Ov Type        Size  Object(Section)

    BuildAttributes$$THM_ISAv4$P$D$K$B$S$PE$A:L22UL41UL21$X:L11$S22US41US21$IEEE1$IW$USESV6$~STKCKD$USESV7$~SHL$OSPACE$ROPI$EBA8$STANDARDLIB$REQ8$EABIv2 0x00000000   Number         0  anon$$obj.o ABSOLUTE
    __Vectors                                0x00000000   Data           4  startup_armcm3.o(RESET)
    Reset_Handler                            0x000003c1   Thumb Code     8  startup_armcm3.o(.text)
    __Vectors_End                            0x000003c0   Data           0  startup_armcm3.o(RESET)
    __Vectors_Size                           0x000003c0   Number         0  startup_armcm3.o ABSOLUTE
    NMI_Handler                              0x000003c9   Thumb Code     2  startup_armcm3.o(.text)
    HardFault_Handler                        0x000003cb   Thumb Code     2  startup_armcm3.o(.text)
    MemManage_Handler                        0x000003cd   Thumb Code     2  startup_armcm3.o(.text)
    BusFault_Handler                         0x000003cf   Thumb Code     2  startup_armcm3.o(.text)
    UsageFault_Handler                       0x000003d1   Thumb Code     2  startup_armcm3.o(.text)
    SVC_Handler                              0x000003d3   Thumb Code     2  startup_armcm3.o(.text)
    DebugMon_Handler                         0x000003d5   Thumb Code     2  startup_armcm3.o(.text)
    PendSV_Handler                           0x000003d7   Thumb Code     2  startup_armcm3.o(.text)
    SysTick_Handler                          0x000003d9   Thumb Code     2  startup_armcm3.o(.text)
    Interrupt0_Handler                       0x000003db   Thumb Code     2  startup_armcm3.o(.text)
    Interrupt1_Handler                       0x000003dd   Thumb Code     2  startup_armcm3.o(.text)
    Interrupt2_Handler                       0x000003df   Thumb Code     2  startup_armcm3.o(.text)
    Interrupt3_Handler                       0x000003e1   Thumb Code     2  startup_armcm3.o(.text)
    Interrupt4_Handler                       0x000003e3   Thumb Code     2  startup_armcm3.o(.text)
    Interrupt5_Handler                       0x000003e5   Thumb Code     2  startup_armcm3.o(.text)
    Interrupt6_Handler                       0x000003e7   Thumb Code     2  startup_armcm3.o(.text)
    Interrupt7_Handler                       0x000003e9   Thumb Code     2  startup_armcm3.o(.text)
    Interrupt8_Handler                       0x000003eb   Thumb Code     2  startup_armcm3.o(.text)
    Interrupt9_Handler                       0x000003ed   Thumb Code     2  startup_armcm3.o(.text)
    __use_two_region_memory                  0x000003f9   Thumb Code     2  heapauxi.o(.text)
    __rt_heap_escrow$2region                 0x000003fb   Thumb Code     2  heapauxi.o(.text)
    __rt_heap_expand$2region                 0x000003fd   Thumb Code     2  heapauxi.o(.text)
    __CONFIG_BUMPER                          0x00000401   Thumb Code     0  rd_bv_config_bumper.o(_CONFIG_BUMPER_)
    __READ_STATE_BUMPER_1                    0x00000429   Thumb Code     0  rd_bv_config_bumper.o(_CONFIG_BUMPER_)
    __READ_STATE_BUMPER_2                    0x00000433   Thumb Code     0  rd_bv_config_bumper.o(_CONFIG_BUMPER_)
    __ENGINE_INIT                            0x00000451   Thumb Code     0  rd_bv_config_moteur.o(_CONFIG_ENGINE_)
    __ENGINE_RIGHT_ON                        0x00000555   Thumb Code     0  rd_bv_config_moteur.o(_CONFIG_ENGINE_)
    __ENGINE_RIGHT_OFF                       0x00000561   Thumb Code     0  rd_bv_config_moteur.o(_CONFIG_ENGINE_)
    __ENGINE_LEFT_ON                         0x0000056d   Thumb Code     0  rd_bv_config_moteur.o(_CONFIG_ENGINE_)
    __ENGINE_LEFT_OFF                        0x00000579   Thumb Code     0  rd_bv_config_moteur.o(_CONFIG_ENGINE_)
    __ENGINE_LEFT_RIGHT_ON                   0x00000585   Thumb Code     0  rd_bv_config_moteur.o(_CONFIG_ENGINE_)
    __ENGINE_LEFT_RIGHT_OFF                  0x00000591   Thumb Code     0  rd_bv_config_moteur.o(_CONFIG_ENGINE_)
    __ENGINE_RIGHT_BACK                      0x0000059d   Thumb Code     0  rd_bv_config_moteur.o(_CONFIG_ENGINE_)
    __ENGINE_RIGHT_FRONT                     0x000005a7   Thumb Code     0  rd_bv_config_moteur.o(_CONFIG_ENGINE_)
    __ENGINE_LEFT_BACK                       0x000005b1   Thumb Code     0  rd_bv_config_moteur.o(_CONFIG_ENGINE_)
    __ENGINE_LEFT_FRONT                      0x000005bb   Thumb Code     0  rd_bv_config_moteur.o(_CONFIG_ENGINE_)
    __ENGINE_RIGHT_INVERSE                   0x000005c5   Thumb Code     0  rd_bv_config_moteur.o(_CONFIG_ENGINE_)
    __ENGINE_LEFT_INVERSE                    0x000005d1   Thumb Code     0  rd_bv_config_moteur.o(_CONFIG_ENGINE_)
    __ENGINE_LEFT_RIGHT_FRONT                0x000005dd   Thumb Code     0  rd_bv_config_moteur.o(_CONFIG_ENGINE_)
    __ENGINE_LEFT_RIGHT_BACK                 0x000005e9   Thumb Code     0  rd_bv_config_moteur.o(_CONFIG_ENGINE_)
    __ENGINE_LEFT_FRONT_RIGHT_BACK           0x000005f5   Thumb Code     0  rd_bv_config_moteur.o(_CONFIG_ENGINE_)
    __ENGINE_LEFT_BACK_RIGHT_FRONT           0x00000601   Thumb Code     0  rd_bv_config_moteur.o(_CONFIG_ENGINE_)
    __ENGINE_LEFT_RIGHT_INVERSE              0x0000060d   Thumb Code     0  rd_bv_config_moteur.o(_CONFIG_ENGINE_)
    __CONFIG_LED                             0x00000689   Thumb Code     0  rd_bv_config_led.o(_CONFIG_LED_)
    __SWITCH_ON_LED_1                        0x000006bd   Thumb Code     0  rd_bv_config_led.o(_CONFIG_LED_)
    __SWITCH_ON_LED_2                        0x000006c9   Thumb Code     0  rd_bv_config_led.o(_CONFIG_LED_)
    __SWITCH_ON_LED_1_2                      0x000006d5   Thumb Code     0  rd_bv_config_led.o(_CONFIG_LED_)
    __SWITCH_OFF_LED_1                       0x000006e1   Thumb Code     0  rd_bv_config_led.o(_CONFIG_LED_)
    __SWITCH_OFF_LED_2                       0x000006ed   Thumb Code     0  rd_bv_config_led.o(_CONFIG_LED_)
    __SWITCH_OFF_LED_1_2                     0x000006f9   Thumb Code     0  rd_bv_config_led.o(_CONFIG_LED_)
    __BLINK_LED_1_2                          0x00000705   Thumb Code     0  rd_bv_config_led.o(_CONFIG_LED_)
    __CONFIG_SW                              0x00000739   Thumb Code     0  rd_bv_config_switch.o(_CONFIG_SWITCH_)
    __READ_STATE_SW_1                        0x00000765   Thumb Code     0  rd_bv_config_switch.o(_CONFIG_SWITCH_)
    __READ_STATE_SW_2                        0x0000076f   Thumb Code     0  rd_bv_config_switch.o(_CONFIG_SWITCH_)
    __main                                   0x0000078d   Thumb Code     0  rd_bv_main.o(_MAIN_PROGRAM_)
    __WAIT                                   0x00000865   Thumb Code     0  rd_bv_wait.o(_WAIT_)
    __WAIT_HALF_ROTATION                     0x0000086f   Thumb Code     0  rd_bv_wait.o(_WAIT_)
    __WAIT_A_TIME                            0x00000879   Thumb Code     0  rd_bv_wait.o(_WAIT_)
    SystemInit                               0x00000889   Thumb Code    14  system_armcm3.o(i.SystemInit)
    SystemCoreClock                          0x20000000   Data           4  system_armcm3.o(.data)
    __stack_limit                            0x20000008   Data           0  startup_armcm3.o(STACK)
    __initial_sp                             0x20000408   Data           0  startup_armcm3.o(STACK)



==============================================================================

Memory Map of the image

  Image Entry point : 0x000003c1

  Load Region LR_1 (Base: 0x00000000, Size: 0x000008ac, Max: 0xffffffff, ABSOLUTE)

    Execution Region ER_RO (Exec base: 0x00000000, Load base: 0x00000000, Size: 0x000008a8, Max: 0xffffffff, ABSOLUTE)

    Exec Addr    Load Addr    Size         Type   Attr      Idx    E Section Name        Object

    0x00000000   0x00000000   0x000003c0   Data   RO           23    RESET               startup_armcm3.o
    0x000003c0   0x000003c0   0x00000038   Code   RO           24  * .text               startup_armcm3.o
    0x000003f8   0x000003f8   0x00000006   Code   RO           90    .text               c_w.l(heapauxi.o)
    0x000003fe   0x000003fe   0x00000002   PAD
    0x00000400   0x00000400   0x00000050   Code   RO           12  * _CONFIG_BUMPER_     rd_bv_config_bumper.o
    0x00000450   0x00000450   0x00000238   Code   RO           15  * _CONFIG_ENGINE_     rd_bv_config_moteur.o
    0x00000688   0x00000688   0x000000b0   Code   RO            1  * _CONFIG_LED_        rd_bv_config_led.o
    0x00000738   0x00000738   0x00000054   Code   RO            6  * _CONFIG_SWITCH_     rd_bv_config_switch.o
    0x0000078c   0x0000078c   0x000000d8   Code   RO            9  * _MAIN_PROGRAM_      rd_bv_main.o
    0x00000864   0x00000864   0x00000024   Code   RO           18  * _WAIT_              rd_bv_wait.o
    0x00000888   0x00000888   0x00000020   Code   RO           32    i.SystemInit        system_armcm3.o


    Execution Region ER_RW (Exec base: 0x20000000, Load base: 0x000008a8, Size: 0x00000004, Max: 0xffffffff, ABSOLUTE)

    Exec Addr    Load Addr    Size         Type   Attr      Idx    E Section Name        Object

    0x20000000   0x000008a8   0x00000004   Data   RW           33    .data               system_armcm3.o


    Execution Region ER_ZI (Exec base: 0x20000004, Load base: 0x000008ac, Size: 0x00000404, Max: 0xffffffff, ABSOLUTE)

    Exec Addr    Load Addr    Size         Type   Attr      Idx    E Section Name        Object

    0x20000004   0x000008ac   0x00000004   PAD
    0x20000008        -       0x00000400   Zero   RW           21    STACK               startup_armcm3.o


==============================================================================

Image component sizes


      Code (inc. data)   RO Data    RW Data    ZI Data      Debug   Object Name

        80         20          0          0          0        308   rd_bv_config_bumper.o
       176         22          0          0          0        364   rd_bv_config_led.o
       568        112          0          0          0        468   rd_bv_config_moteur.o
        84         20          0          0          0        312   rd_bv_config_switch.o
       216          6          0          0          0        340   rd_bv_main.o
        36         10          0          0          0        276   rd_bv_wait.o
        56         10        960          0       1024       1216   startup_armcm3.o
        32         18          0          4          0       5291   system_armcm3.o

    ----------------------------------------------------------------------
      1248        218        960          4       1028       8575   Object Totals
         0          0          0          0          0          0   (incl. Generated)
         0          0          0          0          4          0   (incl. Padding)

    ----------------------------------------------------------------------

      Code (inc. data)   RO Data    RW Data    ZI Data      Debug   Library Member Name

         6          0          0          0          0        152   heapauxi.o

    ----------------------------------------------------------------------
         8          0          0          0          0        152   Library Totals
         2          0          0          0          0          0   (incl. Padding)

    ----------------------------------------------------------------------

      Code (inc. data)   RO Data    RW Data    ZI Data      Debug   Library Name

         6          0          0          0          0        152   c_w.l

    ----------------------------------------------------------------------
         8          0          0          0          0        152   Library Totals

    ----------------------------------------------------------------------

==============================================================================


      Code (inc. data)   RO Data    RW Data    ZI Data      Debug   

      1256        218        960          4       1028       8727   Grand Totals
      1256        218        960          4       1028       8727   ELF Image Totals
      1256        218        960          4          0          0   ROM Totals

==============================================================================

    Total RO  Size (Code + RO Data)                 2216 (   2.16kB)
    Total RW  Size (RW Data + ZI Data)              1032 (   1.01kB)
    Total ROM Size (Code + RO Data + RW Data)       2220 (   2.17kB)

==============================================================================

