


ARM Macro Assembler    Page 1 


    1 00000000         ;; RD BV - Evalbot (Cortex M3 de Texas Instrument);
    2 00000000         ;; Program to manage wait time
    3 00000000         
    4 00000000 002FFFFF 
                       WAITING_BASE_TIME
                               EQU              0x002FFFFF
    5 00000000 005F5E10 
                       WAITING_HALF_ROTATION_TIME
                               EQU              0x5f5e10
    6 00000000                 AREA             _WAIT_, CODE, READONLY
    7 00000000                 ENTRY
    8 00000000         
    9 00000000                 EXPORT           __WAIT
   10 00000000                 EXPORT           __WAIT_HALF_ROTATION
   11 00000000                 EXPORT           __WAIT_A_TIME
   12 00000000         ;;;
   13 00000000         ;;WAIT A DEFAULT TIME
   14 00000000         ;;;
   15 00000000         __WAIT
   16 00000000 B502            PUSH             {R1, LR}
   17 00000002 4906            LDR              R1, =WAITING_BASE_TIME 
                                                            ;; Waiting Time
   18 00000004 F7FF FFFE       BL               __WAIT_A_TIME
   19 00000008 BD02            POP              {R1, PC}
   20 0000000A         
   21 0000000A         __WAIT_HALF_ROTATION
   22 0000000A         ;;;
   23 0000000A         ;;WAIT A HALF ROTATION TIME
   24 0000000A         ;;;
   25 0000000A B502            PUSH             {R1, LR}
   26 0000000C 4904            LDR              R1, =WAITING_HALF_ROTATION_TIME
 
                                                            ;; Waiting Rotation
                                                             Time
   27 0000000E F7FF FFFE       BL               __WAIT_A_TIME
   28 00000012 BD02            POP              {R1, PC}
   29 00000014         ;;;
   30 00000014         ;;WAIT A TIME
   31 00000014         ;;@params The time to wait (Need to be load in R1 regist
                       er)
   32 00000014         ;;;
   33 00000014         __WAIT_A_TIME
   34 00000014         while
   35 00000014 3901            SUBS             R1, #1
   36 00000016 D1FD            BNE              while
   37 00000018 4770            BX               LR          ;return to caller
   38 0000001A         
   39 0000001A                 END
              00 00 002FFFFF 
              005F5E10 
Command Line: --debug --xref --diag_suppress=9931 --cpu=Cortex-M3 --apcs=interw
ork --depend=.\objects\rd_bv_wait.d -o.\objects\rd_bv_wait.o -I.\RTE\_Target_1 
-ID:\ProgramFiles\Armv52\ARM\CMSIS\5.5.1\CMSIS\Core\Include -ID:\ProgramFiles\A
rmv52\ARM\CMSIS\5.5.1\Device\ARM\ARMCM3\Include --predefine="__EVAL SETA 1" --p
redefine="__UVISION_VERSION SETA 528" --predefine="_RTE_ SETA 1" --predefine="A
RMCM3 SETA 1" --list=.\listings\rd_bv_wait.lst RD_BV_WAIT.S



ARM Macro Assembler    Page 1 Alphabetic symbol ordering
Relocatable symbols

_WAIT_ 00000000

Symbol: _WAIT_
   Definitions
      At line 6 in file RD_BV_WAIT.S
   Uses
      None
Comment: _WAIT_ unused
__WAIT 00000000

Symbol: __WAIT
   Definitions
      At line 15 in file RD_BV_WAIT.S
   Uses
      At line 9 in file RD_BV_WAIT.S
Comment: __WAIT used once
__WAIT_A_TIME 00000014

Symbol: __WAIT_A_TIME
   Definitions
      At line 33 in file RD_BV_WAIT.S
   Uses
      At line 11 in file RD_BV_WAIT.S
      At line 18 in file RD_BV_WAIT.S
      At line 27 in file RD_BV_WAIT.S

__WAIT_HALF_ROTATION 0000000A

Symbol: __WAIT_HALF_ROTATION
   Definitions
      At line 21 in file RD_BV_WAIT.S
   Uses
      At line 10 in file RD_BV_WAIT.S
Comment: __WAIT_HALF_ROTATION used once
while 00000014

Symbol: while
   Definitions
      At line 34 in file RD_BV_WAIT.S
   Uses
      At line 36 in file RD_BV_WAIT.S
Comment: while used once
5 symbols



ARM Macro Assembler    Page 1 Alphabetic symbol ordering
Absolute symbols

WAITING_BASE_TIME 002FFFFF

Symbol: WAITING_BASE_TIME
   Definitions
      At line 4 in file RD_BV_WAIT.S
   Uses
      At line 17 in file RD_BV_WAIT.S
Comment: WAITING_BASE_TIME used once
WAITING_HALF_ROTATION_TIME 005F5E10

Symbol: WAITING_HALF_ROTATION_TIME
   Definitions
      At line 5 in file RD_BV_WAIT.S
   Uses
      At line 26 in file RD_BV_WAIT.S
Comment: WAITING_HALF_ROTATION_TIME used once
2 symbols
343 symbols in table
